#-----------------------------------------------------------
# Vivado v2025.2 (64-bit)
# SW Build 6299465 on Fri Nov 14 12:34:56 MST 2025
# IP Build 6300035 on Fri Nov 14 10:48:45 MST 2025
# SharedData Build 6298862 on Thu Nov 13 04:50:51 MST 2025
# Start of session at: Mon Mar 30 13:09:46 2026
# Process ID         : 15224
# Current directory  : /home/f4tnk/dev/LibreSDR_UHD_B220_Mini_FPGA/src/libresdr_b210.runs/fifo_short_2clk_synth_1
# Command line       : vivado -log fifo_short_2clk.vds -product Vivado -mode batch -messageDb vivado.pb -notrace -source fifo_short_2clk.tcl
# Log file           : /home/f4tnk/dev/LibreSDR_UHD_B220_Mini_FPGA/src/libresdr_b210.runs/fifo_short_2clk_synth_1/fifo_short_2clk.vds
# Journal file       : /home/f4tnk/dev/LibreSDR_UHD_B220_Mini_FPGA/src/libresdr_b210.runs/fifo_short_2clk_synth_1/vivado.jou
# Running On         : DESKTOP-8FU7G31
# Platform           : Debian
# Operating System   : Debian GNU/Linux 13 (trixie)
# Processor Detail   : Intel(R) Core(TM) i7-6700 CPU @ 3.40GHz
# CPU Frequency      : 3407.999 MHz
# CPU Physical cores : 4
# CPU Logical cores  : 8
# Host memory        : 24887 MB
# Swap memory        : 6442 MB
# Total Virtual      : 31329 MB
# Available Virtual  : 25374 MB
#-----------------------------------------------------------
source fifo_short_2clk.tcl -notrace
