Copyright 1986-2022 Xilinx, Inc. All Rights Reserved. Copyright 2022-2025 Advanced Micro Devices, Inc. All Rights Reserved.
-------------------------------------------------------------------------------------------------------------------------------------------------------------
| Tool Version     : Vivado v.2025.2 (lin64) Build 6299465 Fri Nov 14 12:34:56 MST 2025
| Date             : Mon Jun 22 07:43:46 2026
| Host             : DESKTOP-ALL4L3F running 64-bit unknown
| Command          : report_power -file libresdr_b210_power_routed.rpt -pb libresdr_b210_power_summary_routed.pb -rpx libresdr_b210_power_routed.rpx
| Design           : libresdr_b210
| Device           : xc7a200tfbg484-2
| Design State     : routed
| Grade            : commercial
| Process          : typical
| Characterization : Production
-------------------------------------------------------------------------------------------------------------------------------------------------------------

Power Report

Table of Contents
-----------------
1. Summary
1.1 On-Chip Components
1.2 Power Supply Summary
1.3 Confidence Level
2. Settings
2.1 Environment
2.2 Clock Constraints
3. Detailed Reports
3.1 By Hierarchy

1. Summary
----------

+--------------------------+--------------+
| Total On-Chip Power (W)  | 0.573        |
| Design Power Budget (W)  | Unspecified* |
| Power Budget Margin (W)  | NA           |
| Dynamic (W)              | 0.417        |
| Device Static (W)        | 0.156        |
| Effective TJA (C/W)      | 2.5          |
| Max Ambient (C)          | 83.6         |
| Junction Temperature (C) | 26.4         |
| Confidence Level         | Low          |
| Setting File             | ---          |
| Simulation Activity File | ---          |
| Design Nets Matched      | NA           |
+--------------------------+--------------+
* Specify Design Power Budget using, set_operating_conditions -design_power_budget <value in Watts>


1.1 On-Chip Components
----------------------

+--------------------------+-----------+----------+-----------+-----------------+
| On-Chip                  | Power (W) | Used     | Available | Utilization (%) |
+--------------------------+-----------+----------+-----------+-----------------+
| Clocks                   |     0.108 |        9 |       --- |             --- |
| Slice Logic              |     0.027 |    88771 |       --- |             --- |
|   LUT as Logic           |     0.021 |    30244 |    133800 |           22.60 |
|   CARRY4                 |     0.005 |     5052 |     33450 |           15.10 |
|   Register               |     0.001 |    39210 |    267600 |           14.65 |
|   LUT as Shift Register  |    <0.001 |     4345 |     46200 |            9.40 |
|   BUFG                   |    <0.001 |        4 |        32 |           12.50 |
|   F7/F8 Muxes            |    <0.001 |      232 |    133800 |            0.17 |
|   LUT as Distributed RAM |    <0.001 |      812 |     46200 |            1.76 |
|   Others                 |     0.000 |     1735 |       --- |             --- |
| Signals                  |     0.033 |    67382 |       --- |             --- |
| Block RAM                |     0.013 |      150 |       365 |           41.10 |
| MMCM                     |     0.212 |        2 |        10 |           20.00 |
| DSPs                     |    <0.001 |      116 |       740 |           15.68 |
| I/O                      |     0.025 |      131 |       285 |           45.96 |
| Static Power             |     0.156 |          |           |                 |
| Total                    |     0.573 |          |           |                 |
+--------------------------+-----------+----------+-----------+-----------------+


1.2 Power Supply Summary
------------------------

+-----------+-------------+-----------+-------------+------------+-------------+-------------+------------+
| Source    | Voltage (V) | Total (A) | Dynamic (A) | Static (A) | Powerup (A) | Budget (A)  | Margin (A) |
+-----------+-------------+-----------+-------------+------------+-------------+-------------+------------+
| Vccint    |       1.000 |     0.217 |       0.182 |      0.035 |       NA    | Unspecified | NA         |
| Vccaux    |       1.800 |     0.149 |       0.118 |      0.031 |       NA    | Unspecified | NA         |
| Vcco33    |       3.300 |     0.009 |       0.004 |      0.005 |       NA    | Unspecified | NA         |
| Vcco25    |       2.500 |     0.000 |       0.000 |      0.000 |       NA    | Unspecified | NA         |
| Vcco18    |       1.800 |     0.008 |       0.003 |      0.005 |       NA    | Unspecified | NA         |
| Vcco15    |       1.500 |     0.000 |       0.000 |      0.000 |       NA    | Unspecified | NA         |
| Vcco135   |       1.350 |     0.000 |       0.000 |      0.000 |       NA    | Unspecified | NA         |
| Vcco12    |       1.200 |     0.000 |       0.000 |      0.000 |       NA    | Unspecified | NA         |
| Vccaux_io |       1.800 |     0.000 |       0.000 |      0.000 |       NA    | Unspecified | NA         |
| Vccbram   |       1.000 |     0.005 |       0.001 |      0.004 |       NA    | Unspecified | NA         |
| MGTAVcc   |       1.000 |     0.000 |       0.000 |      0.000 |       NA    | Unspecified | NA         |
| MGTAVtt   |       1.200 |     0.000 |       0.000 |      0.000 |       NA    | Unspecified | NA         |
| Vccadc    |       1.800 |     0.020 |       0.000 |      0.020 |       NA    | Unspecified | NA         |
+-----------+-------------+-----------+-------------+------------+-------------+-------------+------------+


1.3 Confidence Level
--------------------

+-----------------------------+------------+--------------------------------------------------------+------------------------------------------------------------------------------------------------------------+
| User Input Data             | Confidence | Details                                                | Action                                                                                                     |
+-----------------------------+------------+--------------------------------------------------------+------------------------------------------------------------------------------------------------------------+
| Design implementation state | High       | Design is routed                                       |                                                                                                            |
| Clock nodes activity        | High       | User specified more than 95% of clocks                 |                                                                                                            |
| I/O nodes activity          | Low        | More than 75% of inputs are missing user specification | Provide missing input activity with simulation results or by editing the "By Resource Type -> I/Os" view   |
| Internal nodes activity     | Medium     | User specified less than 25% of internal nodes         | Provide missing internal nodes activity with simulation results or by editing the "By Resource Type" views |
| Device models               | High       | Device models are Production                           |                                                                                                            |
|                             |            |                                                        |                                                                                                            |
| Overall confidence level    | Low        |                                                        |                                                                                                            |
+-----------------------------+------------+--------------------------------------------------------+------------------------------------------------------------------------------------------------------------+


2. Settings
-----------

2.1 Environment
---------------

+-----------------------+--------------------------+
| Ambient Temp (C)      | 25.0                     |
| ThetaJA (C/W)         | 2.5                      |
| Airflow (LFM)         | 250                      |
| Heat Sink             | medium (Medium Profile)  |
| ThetaSA (C/W)         | 4.2                      |
| Board Selection       | medium (10"x10")         |
| # of Board Layers     | 12to15 (12 to 15 Layers) |
| Board Temperature (C) | 25.0                     |
+-----------------------+--------------------------+


2.2 Clock Constraints
---------------------

+-------------------------------+------------------------------------------------------+-----------------+
| Clock                         | Domain                                               | Constraint (ns) |
+-------------------------------+------------------------------------------------------+-----------------+
| CAT_DCLK_P                    | CAT_DCLK_P                                           |            12.5 |
| CLK_40MHz_FPGA                | CLK_40MHz_FPGA                                       |            25.0 |
| clk_out1_40_int_gen_clks      | u_gen_clocks_main/inst/clk_out1_40_int_gen_clks      |            25.0 |
| clk_out2_100_bus_gen_clks     | u_gen_clocks_main/inst/clk_out2_100_bus_gen_clks     |            10.0 |
| clk_out3_200_ref_pll_gen_clks | u_gen_clocks_main/inst/clk_out3_200_ref_pll_gen_clks |             5.0 |
| clkfbout_gen_clks             | u_gen_clocks_main/inst/clkfbout_gen_clks             |            25.0 |
| rx_clk_mimo_bufr              | u_libresdr_b210_io/rx_clk_mimo_bufr                  |            25.0 |
+-------------------------------+------------------------------------------------------+-----------------+


3. Detailed Reports
-------------------

3.1 By Hierarchy
----------------

+----------------------------+-----------+
| Name                       | Power (W) |
+----------------------------+-----------+
| libresdr_b210              |     0.417 |
|   b200_core                |     0.136 |
|     demux_for_tx           |     0.002 |
|       axi_fifo_flop2       |     0.002 |
|     radio_0                |     0.064 |
|       convert_xxxx_to_16sc |     0.012 |
|       ctrl_fifo            |     0.001 |
|       ddc_chain            |     0.027 |
|       duc_chain            |     0.013 |
|       new_rx_framer        |     0.001 |
|       resp_fifo            |     0.001 |
|       rx_fifo              |     0.002 |
|       tx_fifo              |     0.001 |
|     radio_1                |     0.064 |
|       convert_16sc_to_xxxx |     0.004 |
|       convert_xxxx_to_16sc |     0.010 |
|       ctrl_fifo            |     0.001 |
|       ddc_chain            |     0.027 |
|       duc_chain            |     0.013 |
|       new_rx_framer        |     0.001 |
|       resp_fifo            |     0.001 |
|       rx_fifo              |     0.002 |
|       tx_fifo              |     0.001 |
|   clk_wiz_0_10M_detect     |     0.106 |
|     inst                   |     0.106 |
|   encpy_i                  |     0.020 |
|     aes_cipher_top_i       |     0.018 |
|       u0                   |     0.008 |
|   nolabel_line290          |     0.006 |
|   slave_fifo32             |     0.016 |
|     fifo64_to_gpif2_resp   |     0.007 |
|       buffer_whole_pkt     |     0.005 |
|       cross_clock_fifo     |     0.001 |
|     fifo64_to_gpif2_rx     |     0.003 |
|       cross_clock_fifo     |     0.002 |
|     gpif2_to_fifo64_ctrl   |     0.003 |
|       cross_clock_fifo     |     0.001 |
|     gpif2_to_fifo64_tx     |     0.003 |
|       cross_clock_fifo     |     0.002 |
|   u_gen_clocks_main        |     0.107 |
|     inst                   |     0.107 |
|   u_libresdr_b210_io       |     0.001 |
+----------------------------+-----------+


