Release 14.7 - ngc2edif P_INT.20191124 (lin64)
Copyright (c) 1995-2013 Xilinx, Inc.  All rights reserved.
Reading design hbdec2.ngc ...
WARNING:NetListWriters:298 - No output is written to hbdec2.xncf, ignored.
Processing design ...
   Preping design's networks ...
   Preping design's macros ...
  finished :Prep
Writing EDIF netlist file hbdec2.edif ...
ngc2edif: Total memory usage is 99584 kilobytes

Release 14.7 - ngc2edif P_INT.20191124 (lin64)
Copyright (c) 1995-2013 Xilinx, Inc.  All rights reserved.
Reading design hbdec1.ngc ...
WARNING:NetListWriters:298 - No output is written to hbdec1.xncf, ignored.
Processing design ...
   Preping design's networks ...
   Preping design's macros ...
  finished :Prep
Writing EDIF netlist file hbdec1.edif ...
ngc2edif: Total memory usage is 103064 kilobytes

