#-----------------------------------------------------------
# Vivado v2025.2 (64-bit)
# SW Build 6299465 on Fri Nov 14 12:34:56 MST 2025
# IP Build 6300035 on Fri Nov 14 10:48:45 MST 2025
# SharedData Build 6298862 on Thu Nov 13 04:50:51 MST 2025
# Start of session at: Fri Jul  3 15:55:18 2026
# Process ID         : 386842
# Current directory  : /home/f4tnk/dev/LibreSDR_UHD_B220_Mini_FPGA/src/libresdr_b210.runs/synth_1
# Command line       : vivado -log libresdr_b210.vds -product Vivado -mode batch -messageDb vivado.pb -notrace -source libresdr_b210.tcl
# Log file           : /home/f4tnk/dev/LibreSDR_UHD_B220_Mini_FPGA/src/libresdr_b210.runs/synth_1/libresdr_b210.vds
# Journal file       : /home/f4tnk/dev/LibreSDR_UHD_B220_Mini_FPGA/src/libresdr_b210.runs/synth_1/vivado.jou
# Running On         : DESKTOP-ALL4L3F
# Platform           : unknown
# Operating System   : unknown
# Processor Detail   : 12th Gen Intel(R) Core(TM) i7-12650H
# CPU Frequency      : 2688.011 MHz
# CPU Physical cores : 6
# CPU Logical cores  : 12
# Host memory        : 20972 MB
# Swap memory        : 4294 MB
# Total Virtual      : 25267 MB
# Available Virtual  : 19552 MB
#-----------------------------------------------------------
source libresdr_b210.tcl -notrace
